
  .   ____          _            __ _ _
 /\\ / ___'_ __ _ _(_)_ __  __ _ \ \ \ \
( ( )\___ | '_ | '_| | '_ \/ _` | \ \ \ \
 \\/  ___)| |_)| | | | | || (_| |  ) ) ) )
  '  |____| .__|_| |_|_| |_\__, | / / / /
 =========|_|==============|___/=/_/_/_/

 :: Spring Boot ::                (v4.0.6)

2026-05-04T08:19:39.767+02:00  INFO 3550605 --- [firefly] [           main] ai.firefly.FireflyApplication            : Starting FireflyApplication v0.0.1-SNAPSHOT using Java 25.0.2 with PID 3550605 (/home/m/code/github/munafsheikh/firefly/target/firefly-0.0.1-SNAPSHOT.jar started by m in /home/m/code/github/munafsheikh/firefly)
2026-05-04T08:19:39.769+02:00  INFO 3550605 --- [firefly] [           main] ai.firefly.FireflyApplication            : No active profile set, falling back to 1 default profile: "default"
2026-05-04T08:19:40.520+02:00  INFO 3550605 --- [firefly] [           main] o.s.boot.tomcat.TomcatWebServer          : Tomcat initialized with port 17923 (http)
2026-05-04T08:19:40.535+02:00  INFO 3550605 --- [firefly] [           main] o.apache.catalina.core.StandardService   : Starting service [Tomcat]
2026-05-04T08:19:40.536+02:00  INFO 3550605 --- [firefly] [           main] o.apache.catalina.core.StandardEngine    : Starting Servlet engine: [Apache Tomcat/11.0.21]
2026-05-04T08:19:40.567+02:00  INFO 3550605 --- [firefly] [           main] b.w.c.s.WebApplicationContextInitializer : Root WebApplicationContext: initialization completed in 765 ms
2026-05-04T08:19:40.896+02:00  INFO 3550605 --- [firefly] [           main] a.f.p.a.ActuatorPluginAutoConfiguration  : Actuator Plugin auto-configuration loaded.
2026-05-04T08:19:40.896+02:00  INFO 3550605 --- [firefly] [           main] a.f.p.ado.AdoPluginAutoConfiguration     : ADO Plugin auto-configuration loaded.
2026-05-04T08:19:40.897+02:00  INFO 3550605 --- [firefly] [           main] a.firefly.plugin.ado.AdoPluginMetadata   : Loaded plugin: Firefly Actuator Plugin v1.0.0 - Exposes Spring Boot Actuator endpoints for health, metrics, and application info
2026-05-04T08:19:40.904+02:00  WARN 3550605 --- [firefly] [           main] a.firefly.plugin.ado.AdoWorkItemService  : ADO plugin is enabled but no PAT is configured. Set firefly.plugin.ado.pat or ADO_PAT env var.
2026-05-04T08:19:41.081+02:00  INFO 3550605 --- [firefly] [           main] o.s.b.a.e.web.EndpointLinksResolver      : Exposing 1 endpoint beneath base path '/actuator'
2026-05-04T08:19:41.116+02:00  INFO 3550605 --- [firefly] [           main] o.s.boot.tomcat.TomcatWebServer          : Tomcat started on port 17923 (http) with context path '/'
2026-05-04T08:19:41.122+02:00  INFO 3550605 --- [firefly] [           main] ai.firefly.FireflyApplication            : Started FireflyApplication in 1.594 seconds (process running for 1.868)
2026-05-04T08:19:41.164+02:00  WARN 3550605 --- [firefly] [           main] o.s.core.events.SpringDocAppInitializer  : SpringDoc /v3/api-docs endpoint is enabled by default. To disable it in production, set the property 'springdoc.api-docs.enabled=false'
2026-05-04T08:19:41.164+02:00  WARN 3550605 --- [firefly] [           main] o.s.core.events.SpringDocAppInitializer  : SpringDoc /swagger-ui.html endpoint is enabled by default. To disable it in production, set the property 'springdoc.swagger-ui.enabled=false'
2026-05-04T08:19:54.305+02:00  INFO 3550605 --- [firefly] [io-17923-exec-1] o.a.c.c.C.[Tomcat].[localhost].[/]       : Initializing Spring DispatcherServlet 'dispatcherServlet'
2026-05-04T08:19:54.306+02:00  INFO 3550605 --- [firefly] [io-17923-exec-1] o.s.web.servlet.DispatcherServlet        : Initializing Servlet 'dispatcherServlet'
2026-05-04T08:19:54.307+02:00  INFO 3550605 --- [firefly] [io-17923-exec-1] o.s.web.servlet.DispatcherServlet        : Completed initialization in 0 ms
